[themes.pixelstrap.net/mega_bot/html/index.html]
[backblue.gif]
[fade.gif]
[index.html]
[themes.pixelstrap.net/mega_bot/assets/images/favicon.png]
[themes.pixelstrap.net/mega_bot/assets/css/vendors/bootstrap.css]
[themes.pixelstrap.net/mega_bot/assets/css/vendors/remixicon.css]
[themes.pixelstrap.net/mega_bot/assets/css/vendors/iconsax.css]
[themes.pixelstrap.net/mega_bot/assets/css/vendors/aos.css]
[themes.pixelstrap.net/mega_bot/assets/css/vendors/swiper-bundle.min.css]
[themes.pixelstrap.net/mega_bot/html/chat.html]
[themes.pixelstrap.net/mega_bot/assets/css/style.css]
[themes.pixelstrap.net/mega_bot/html/404.html]
[themes.pixelstrap.net/mega_bot/html/login.html]
[themes.pixelstrap.net/mega_bot/html/reset-password.html]
[themes.pixelstrap.net/mega_bot/html/otp.html]
[themes.pixelstrap.net/mega_bot/html/blog-grid.html]
[themes.pixelstrap.net/mega_bot/html/blog-listing.html]
[themes.pixelstrap.net/mega_bot/html/blog-details.html]
[themes.pixelstrap.net/mega_bot/html/terms.html]
[themes.pixelstrap.net/mega_bot/html/service.html]
[themes.pixelstrap.net/mega_bot/html/pricing.html]
[themes.pixelstrap.net/mega_bot/html/contact-us.html]
[themes.pixelstrap.net/mega_bot/assets/images/home/home-bg.gif]
[themes.pixelstrap.net/mega_bot/assets/svg/home/1.png]
[themes.pixelstrap.net/mega_bot/assets/images/title-effect.png]
[themes.pixelstrap.net/mega_bot/assets/images/home/hand.png]
[themes.pixelstrap.net/mega_bot/assets/images/home/finger.png]
[themes.pixelstrap.net/mega_bot/assets/images/home/laptop.png]
[themes.pixelstrap.net/mega_bot/assets/images/feature.gif]
[themes.pixelstrap.net/mega_bot/assets/images/feature-bg.png]
[themes.pixelstrap.net/mega_bot/assets/images/user/1.jpg]
[themes.pixelstrap.net/mega_bot/assets/images/user/2.jpg]
[themes.pixelstrap.net/mega_bot/assets/images/user/3.jpg]
[themes.pixelstrap.net/mega_bot/assets/js/swiper-bundle.min.js]
[themes.pixelstrap.net/mega_bot/assets/js/bootstrap.bundle.min.js]
[themes.pixelstrap.net/mega_bot/assets/js/custom-slider.js]
[themes.pixelstrap.net/mega_bot/assets/js/custom-cursor.js]
[themes.pixelstrap.net/mega_bot/assets/js/aos.js]
[themes.pixelstrap.net/mega_bot/assets/js/custom-aos.js]
[themes.pixelstrap.net/mega_bot/assets/js/iconsax.js]
[themes.pixelstrap.net/mega_bot/assets/js/home-animation.js]
[themes.pixelstrap.net/mega_bot/assets/js/header_sticky.js]
[themes.pixelstrap.net/mega_bot/assets/js/pricing-table.js]
[themes.pixelstrap.net/mega_bot/assets/js/script.js]
[themes.pixelstrap.net/mega_bot/html/index.html]
[themes.pixelstrap.net/mega_bot/assets/css/vendors/bootstrap.css]
[themes.pixelstrap.net/mega_bot/assets/css/vendors/remixicon.css]
[themes.pixelstrap.net/mega_bot/assets/css/vendors/iconsax.css]
[themes.pixelstrap.net/mega_bot/assets/css/vendors/aos.css]
[themes.pixelstrap.net/mega_bot/assets/css/vendors/swiper-bundle.min.css]
[themes.pixelstrap.net/mega_bot/assets/images/about-bg.png]
[themes.pixelstrap.net/mega_bot/assets/images/inner-bg.png]
[themes.pixelstrap.net/mega_bot/assets/images/breadcrumb-bg.png]
[themes.pixelstrap.net/mega_bot/assets/images/info-bg.jpg]
[themes.pixelstrap.net/mega_bot/assets/images/home/home-bg.png]
[themes.pixelstrap.net/mega_bot/assets/images/title-bg.jpg]
[themes.pixelstrap.net/mega_bot/assets/images/service-bg.png]
[themes.pixelstrap.net/mega_bot/assets/images/testimonial-bg.png]
[themes.pixelstrap.net/mega_bot/assets/images/login-bg.jpg]
[themes.pixelstrap.net/mega_bot/assets/css/style.css]
[themes.pixelstrap.net/mega_bot/assets/images/user/4.jpg]
[themes.pixelstrap.net/mega_bot/assets/js/chat-page.js]
[themes.pixelstrap.net/mega_bot/assets/js/chatting.js]
[themes.pixelstrap.net/mega_bot/html/chat.html]
[themes.pixelstrap.net/mega_bot/html/404.html]
[themes.pixelstrap.net/mega_bot/assets/js/tab.js]
[themes.pixelstrap.net/mega_bot/html/login.html]
[themes.pixelstrap.net/mega_bot/html/reset-password.html]
[themes.pixelstrap.net/mega_bot/html/otp.html]
[themes.pixelstrap.net/mega_bot/assets/images/breadcrumb-title.png]
[themes.pixelstrap.net/mega_bot/assets/images/blog/1.jpg]
[themes.pixelstrap.net/mega_bot/assets/images/blog/2.jpg]
[themes.pixelstrap.net/mega_bot/assets/images/blog/3.jpg]
[themes.pixelstrap.net/mega_bot/assets/images/blog/4.jpg]
[themes.pixelstrap.net/mega_bot/assets/images/blog/5.jpg]
[themes.pixelstrap.net/mega_bot/assets/images/blog/6.jpg]
[themes.pixelstrap.net/mega_bot/html/blog-grid.html]
[themes.pixelstrap.net/mega_bot/assets/images/user/5.jpg]
[themes.pixelstrap.net/mega_bot/html/blog-listing.html]
[themes.pixelstrap.net/mega_bot/assets/images/blog/7.jpg]
[themes.pixelstrap.net/mega_bot/assets/images/blog/8.jpg]
[themes.pixelstrap.net/mega_bot/html/blog-details.html]
[themes.pixelstrap.net/mega_bot/html/terms.html]
[themes.pixelstrap.net/mega_bot/html/service.html]
[themes.pixelstrap.net/mega_bot/html/pricing.html]
[themes.pixelstrap.net/mega_bot/html/contact-us.html]
